Archive member included to satisfy reference by file (symbol)

c:/program files/ac6/plugins/fr.ac6.mcu.externaltools.arm-none.win32_1.17.0.201812190825/tools/make/../lib/gcc/arm-none-eabi/7.3.1/../../../../arm-none-eabi/lib/thumb/v7e-m/fpv4-sp/hard\libc_nano.a(lib_a-exit.o)
                              c:/program files/ac6/plugins/fr.ac6.mcu.externaltools.arm-none.win32_1.17.0.201812190825/tools/make/../lib/gcc/arm-none-eabi/7.3.1/../../../../arm-none-eabi/lib/thumb/v7e-m/fpv4-sp/hard/crt0.o (exit)
c:/program files/ac6/plugins/fr.ac6.mcu.externaltools.arm-none.win32_1.17.0.201812190825/tools/make/../lib/gcc/arm-none-eabi/7.3.1/../../../../arm-none-eabi/lib/thumb/v7e-m/fpv4-sp/hard\libc_nano.a(lib_a-impure.o)
                              c:/program files/ac6/plugins/fr.ac6.mcu.externaltools.arm-none.win32_1.17.0.201812190825/tools/make/../lib/gcc/arm-none-eabi/7.3.1/../../../../arm-none-eabi/lib/thumb/v7e-m/fpv4-sp/hard\libc_nano.a(lib_a-exit.o) (_global_impure_ptr)
c:/program files/ac6/plugins/fr.ac6.mcu.externaltools.arm-none.win32_1.17.0.201812190825/tools/make/../lib/gcc/arm-none-eabi/7.3.1/../../../../arm-none-eabi/lib/thumb/v7e-m/fpv4-sp/hard\libc_nano.a(lib_a-init.o)
                              c:/program files/ac6/plugins/fr.ac6.mcu.externaltools.arm-none.win32_1.17.0.201812190825/tools/make/../lib/gcc/arm-none-eabi/7.3.1/../../../../arm-none-eabi/lib/thumb/v7e-m/fpv4-sp/hard/crt0.o (__libc_init_array)
c:/program files/ac6/plugins/fr.ac6.mcu.externaltools.arm-none.win32_1.17.0.201812190825/tools/make/../lib/gcc/arm-none-eabi/7.3.1/../../../../arm-none-eabi/lib/thumb/v7e-m/fpv4-sp/hard\libc_nano.a(lib_a-memcpy-stub.o)
                              Middlewares/Third_Party/FreeRTOS/Source/queue.o (memcpy)
c:/program files/ac6/plugins/fr.ac6.mcu.externaltools.arm-none.win32_1.17.0.201812190825/tools/make/../lib/gcc/arm-none-eabi/7.3.1/../../../../arm-none-eabi/lib/thumb/v7e-m/fpv4-sp/hard\libc_nano.a(lib_a-memset.o)
                              c:/program files/ac6/plugins/fr.ac6.mcu.externaltools.arm-none.win32_1.17.0.201812190825/tools/make/../lib/gcc/arm-none-eabi/7.3.1/../../../../arm-none-eabi/lib/thumb/v7e-m/fpv4-sp/hard/crt0.o (memset)
c:/program files/ac6/plugins/fr.ac6.mcu.externaltools.arm-none.win32_1.17.0.201812190825/tools/make/../lib/gcc/arm-none-eabi/7.3.1/../../../../arm-none-eabi/lib/thumb/v7e-m/fpv4-sp/hard\libnosys.a(_exit.o)
                              c:/program files/ac6/plugins/fr.ac6.mcu.externaltools.arm-none.win32_1.17.0.201812190825/tools/make/../lib/gcc/arm-none-eabi/7.3.1/../../../../arm-none-eabi/lib/thumb/v7e-m/fpv4-sp/hard\libc_nano.a(lib_a-exit.o) (_exit)

Allocating common symbols
Common symbol       size              file

defaultTaskHandle   0x4               Src/main.o
uwTick              0x4               Drivers/STM32L4xx_HAL_Driver/Src/stm32l4xx_hal.o
xQueueRegistry      0x40              Middlewares/Third_Party/FreeRTOS/Source/queue.o
pFlash              0x1c              Drivers/STM32L4xx_HAL_Driver/Src/stm32l4xx_hal_flash.o
htim1               0x3c              Src/stm32l4xx_hal_timebase_TIM.o

Discarded input sections

 .text          0x00000000        0x0 c:/program files/ac6/plugins/fr.ac6.mcu.externaltools.arm-none.win32_1.17.0.201812190825/tools/make/../lib/gcc/arm-none-eabi/7.3.1/thumb/v7e-m/fpv4-sp/hard/crti.o
 .data          0x00000000        0x0 c:/program files/ac6/plugins/fr.ac6.mcu.externaltools.arm-none.win32_1.17.0.201812190825/tools/make/../lib/gcc/arm-none-eabi/7.3.1/thumb/v7e-m/fpv4-sp/hard/crti.o
 .bss           0x00000000        0x0 c:/program files/ac6/plugins/fr.ac6.mcu.externaltools.arm-none.win32_1.17.0.201812190825/tools/make/../lib/gcc/arm-none-eabi/7.3.1/thumb/v7e-m/fpv4-sp/hard/crti.o
 .data          0x00000000        0x4 c:/program files/ac6/plugins/fr.ac6.mcu.externaltools.arm-none.win32_1.17.0.201812190825/tools/make/../lib/gcc/arm-none-eabi/7.3.1/thumb/v7e-m/fpv4-sp/hard/crtbegin.o
 .text          0x00000000       0x74 c:/program files/ac6/plugins/fr.ac6.mcu.externaltools.arm-none.win32_1.17.0.201812190825/tools/make/../lib/gcc/arm-none-eabi/7.3.1/../../../../arm-none-eabi/lib/thumb/v7e-m/fpv4-sp/hard/crt0.o
 .data          0x00000000        0x0 c:/program files/ac6/plugins/fr.ac6.mcu.externaltools.arm-none.win32_1.17.0.201812190825/tools/make/../lib/gcc/arm-none-eabi/7.3.1/../../../../arm-none-eabi/lib/thumb/v7e-m/fpv4-sp/hard/crt0.o
 .bss           0x00000000        0x0 c:/program files/ac6/plugins/fr.ac6.mcu.externaltools.arm-none.win32_1.17.0.201812190825/tools/make/../lib/gcc/arm-none-eabi/7.3.1/../../../../arm-none-eabi/lib/thumb/v7e-m/fpv4-sp/hard/crt0.o
 .ARM.extab     0x00000000        0x0 c:/program files/ac6/plugins/fr.ac6.mcu.externaltools.arm-none.win32_1.17.0.201812190825/tools/make/../lib/gcc/arm-none-eabi/7.3.1/../../../../arm-none-eabi/lib/thumb/v7e-m/fpv4-sp/hard/crt0.o
[...]
Memory Configuration

Name             Origin             Length             Attributes
FLASH            0x08000000         0x00100000         xr
RAM              0x20000000         0x00018000         xrw
*default*        0x00000000         0xffffffff

Linker script and memory map

LOAD c:/program files/ac6/plugins/fr.ac6.mcu.externaltools.arm-none.win32_1.17.0.201812190825/tools/make/../lib/gcc/arm-none-eabi/7.3.1/thumb/v7e-m/fpv4-sp/hard/crti.o
LOAD c:/program files/ac6/plugins/fr.ac6.mcu.externaltools.arm-none.win32_1.17.0.201812190825/tools/make/../lib/gcc/arm-none-eabi/7.3.1/thumb/v7e-m/fpv4-sp/hard/crtbegin.o
LOAD c:/program files/ac6/plugins/fr.ac6.mcu.externaltools.arm-none.win32_1.17.0.201812190825/tools/make/../lib/gcc/arm-none-eabi/7.3.1/../../../../arm-none-eabi/lib/thumb/v7e-m/fpv4-sp/hard/crt0.o
LOAD Drivers/CMSIS/Device/ST/STM32L4xx/Source/Templates/gcc/startup_stm32l476xx.o
LOAD Drivers/CMSIS/Device/ST/STM32L4xx/Source/Templates/system_stm32l4xx.o
LOAD Drivers/STM32L4xx_HAL_Driver/Src/stm32l4xx_hal.o
LOAD Drivers/STM32L4xx_HAL_Driver/Src/stm32l4xx_hal_cortex.o
LOAD Drivers/STM32L4xx_HAL_Driver/Src/stm32l4xx_hal_dma.o
LOAD Drivers/STM32L4xx_HAL_Driver/Src/stm32l4xx_hal_flash.o
LOAD Drivers/STM32L4xx_HAL_Driver/Src/stm32l4xx_hal_flash_ex.o
LOAD Drivers/STM32L4xx_HAL_Driver/Src/stm32l4xx_hal_flash_ramfunc.o
LOAD Drivers/STM32L4xx_HAL_Driver/Src/stm32l4xx_hal_gpio.o
LOAD Drivers/STM32L4xx_HAL_Driver/Src/stm32l4xx_hal_i2c.o
LOAD Drivers/STM32L4xx_HAL_Driver/Src/stm32l4xx_hal_i2c_ex.o
LOAD Drivers/STM32L4xx_HAL_Driver/Src/stm32l4xx_hal_pwr.o
LOAD Drivers/STM32L4xx_HAL_Driver/Src/stm32l4xx_hal_pwr_ex.o
LOAD Drivers/STM32L4xx_HAL_Driver/Src/stm32l4xx_hal_rcc.o
LOAD Drivers/STM32L4xx_HAL_Driver/Src/stm32l4xx_hal_rcc_ex.o
LOAD Drivers/STM32L4xx_HAL_Driver/Src/stm32l4xx_hal_tim.o
LOAD Drivers/STM32L4xx_HAL_Driver/Src/stm32l4xx_hal_tim_ex.o
LOAD Middlewares/Third_Party/FreeRTOS/Source/CMSIS_RTOS/cmsis_os.o
LOAD Middlewares/Third_Party/FreeRTOS/Source/croutine.o
LOAD Middlewares/Third_Party/FreeRTOS/Source/event_groups.o
LOAD Middlewares/Third_Party/FreeRTOS/Source/list.o
LOAD Middlewares/Third_Party/FreeRTOS/Source/queue.o
LOAD Middlewares/Third_Party/FreeRTOS/Source/tasks.o
LOAD Middlewares/Third_Party/FreeRTOS/Source/timers.o
LOAD Middlewares/Third_Party/FreeRTOS/Source/portable/GCC/ARM_CM4F/port.o
LOAD Middlewares/Third_Party/FreeRTOS/Source/portable/MemMang/heap_4.o
LOAD Src/freertos.o
LOAD Src/main.o
LOAD Src/stm32l4xx_hal_msp.o
LOAD Src/stm32l4xx_hal_timebase_TIM.o
LOAD Src/stm32l4xx_it.o
LOAD c:/program files/ac6/plugins/fr.ac6.mcu.externaltools.arm-none.win32_1.17.0.201812190825/tools/make/../lib/gcc/arm-none-eabi/7.3.1/../../../../arm-none-eabi/lib/thumb/v7e-m/fpv4-sp/hard\libm.a
START GROUP
LOAD c:/program files/ac6/plugins/fr.ac6.mcu.externaltools.arm-none.win32_1.17.0.201812190825/tools/make/../lib/gcc/arm-none-eabi/7.3.1/thumb/v7e-m/fpv4-sp/hard\libgcc.a
LOAD c:/program files/ac6/plugins/fr.ac6.mcu.externaltools.arm-none.win32_1.17.0.201812190825/tools/make/../lib/gcc/arm-none-eabi/7.3.1/../../../../arm-none-eabi/lib/thumb/v7e-m/fpv4-sp/hard\libc_nano.a
END GROUP
START GROUP
LOAD c:/program files/ac6/plugins/fr.ac6.mcu.externaltools.arm-none.win32_1.17.0.201812190825/tools/make/../lib/gcc/arm-none-eabi/7.3.1/thumb/v7e-m/fpv4-sp/hard\libgcc.a
LOAD c:/program files/ac6/plugins/fr.ac6.mcu.externaltools.arm-none.win32_1.17.0.201812190825/tools/make/../lib/gcc/arm-none-eabi/7.3.1/../../../../arm-none-eabi/lib/thumb/v7e-m/fpv4-sp/hard\libc_nano.a
LOAD c:/program files/ac6/plugins/fr.ac6.mcu.externaltools.arm-none.win32_1.17.0.201812190825/tools/make/../lib/gcc/arm-none-eabi/7.3.1/../../../../arm-none-eabi/lib/thumb/v7e-m/fpv4-sp/hard\libnosys.a
END GROUP
START GROUP
LOAD c:/program files/ac6/plugins/fr.ac6.mcu.externaltools.arm-none.win32_1.17.0.201812190825/tools/make/../lib/gcc/arm-none-eabi/7.3.1/thumb/v7e-m/fpv4-sp/hard\libgcc.a
LOAD c:/program files/ac6/plugins/fr.ac6.mcu.externaltools.arm-none.win32_1.17.0.201812190825/tools/make/../lib/gcc/arm-none-eabi/7.3.1/../../../../arm-none-eabi/lib/thumb/v7e-m/fpv4-sp/hard\libc_nano.a
LOAD c:/program files/ac6/plugins/fr.ac6.mcu.externaltools.arm-none.win32_1.17.0.201812190825/tools/make/../lib/gcc/arm-none-eabi/7.3.1/../../../../arm-none-eabi/lib/thumb/v7e-m/fpv4-sp/hard\libnosys.a
END GROUP
LOAD c:/program files/ac6/plugins/fr.ac6.mcu.externaltools.arm-none.win32_1.17.0.201812190825/tools/make/../lib/gcc/arm-none-eabi/7.3.1/thumb/v7e-m/fpv4-sp/hard/crtend.o
LOAD c:/program files/ac6/plugins/fr.ac6.mcu.externaltools.arm-none.win32_1.17.0.201812190825/tools/make/../lib/gcc/arm-none-eabi/7.3.1/thumb/v7e-m/fpv4-sp/hard/crtn.o
                0x20018000                _estack = 0x20018000
                0x00000200                _Min_Heap_Size = 0x200
                0x00000400                _Min_Stack_Size = 0x400

.isr_vector     0x08000000      0x188
                0x08000000                . = ALIGN (0x8)
 *(.isr_vector)
 .isr_vector    0x08000000      0x188 Drivers/CMSIS/Device/ST/STM32L4xx/Source/Templates/gcc/startup_stm32l476xx.o
                0x08000000                g_pfnVectors
                0x08000188                . = ALIGN (0x8)

.text           0x08000188     0x1ce8
                0x08000188                . = ALIGN (0x8)
 *(.text)
 .text          0x08000188       0x40 c:/program files/ac6/plugins/fr.ac6.mcu.externaltools.arm-none.win32_1.17.0.201812190825/tools/make/../lib/gcc/arm-none-eabi/7.3.1/thumb/v7e-m/fpv4-sp/hard/crtbegin.o
 *(.text*)
 .text.Reset_Handler
                0x080001c8       0x50 Drivers/CMSIS/Device/ST/STM32L4xx/Source/Templates/gcc/startup_stm32l476xx.o
                0x080001c8                Reset_Handler
 .text.Default_Handler
                0x08000218        0x2 Drivers/CMSIS/Device/ST/STM32L4xx/Source/Templates/gcc/startup_stm32l476xx.o
                0x08000218                RTC_Alarm_IRQHandler
                0x08000218                EXTI2_IRQHandler
                0x08000218                TIM8_TRG_COM_IRQHandler
                0x08000218                TIM8_CC_IRQHandler
                0x08000218                DebugMon_Handler
                0x08000218                DFSDM0_IRQHandler
                0x08000218                TIM1_CC_IRQHandler
                0x08000218                TSC_IRQHandler
                0x08000218                HardFault_Handler
                0x08000218                TAMP_STAMP_IRQHandler
                0x08000218                NMI_Handler
                0x08000218                EXTI3_IRQHandler
                0x08000218                LPTIM2_IRQHandler
                0x08000218                I2C3_ER_IRQHandler
                0x08000218                EXTI0_IRQHandler
                0x08000218                I2C2_EV_IRQHandler
                0x08000218                CAN1_RX0_IRQHandler
                0x08000218                FPU_IRQHandler
                0x08000218                UsageFault_Handler
                0x08000218                ADC1_2_IRQHandler
                0x08000218                SPI1_IRQHandler
                0x08000218                TIM6_DAC_IRQHandler
                0x08000218                TIM8_UP_IRQHandler
                0x08000218                DMA2_Channel2_IRQHandler
                0x08000218                DMA1_Channel4_IRQHandler
                0x08000218                SAI2_IRQHandler
                0x08000218                USART3_IRQHandler
                0x08000218                DMA1_Channel7_IRQHandler
                0x08000218                CAN1_RX1_IRQHandler
                0x08000218                LCD_IRQHandler
                0x08000218                UART5_IRQHandler
                0x08000218                ADC3_IRQHandler
                0x08000218                TIM4_IRQHandler
                0x08000218                DMA2_Channel1_IRQHandler
                0x08000218                QUADSPI_IRQHandler
                0x08000218                I2C1_EV_IRQHandler
                0x08000218                DMA1_Channel6_IRQHandler
                0x08000218                UART4_IRQHandler
                0x08000218                DMA2_Channel4_IRQHandler
                0x08000218                TIM3_IRQHandler
                0x08000218                RCC_IRQHandler
                0x08000218                DMA1_Channel1_IRQHandler
                0x08000218                Default_Handler
                0x08000218                DMA2_Channel7_IRQHandler
                0x08000218                EXTI15_10_IRQHandler
                0x08000218                TIM7_IRQHandler
                0x08000218                SDMMC1_IRQHandler
                0x08000218                TIM5_IRQHandler
                0x08000218                I2C3_EV_IRQHandler
                0x08000218                DFSDM2_IRQHandler
                0x08000218                EXTI9_5_IRQHandler
                0x08000218                RTC_WKUP_IRQHandler
                0x08000218                PVD_PVM_IRQHandler
                0x08000218                SPI2_IRQHandler
                0x08000218                DFSDM3_IRQHandler
                0x08000218                MemManage_Handler
                0x08000218                CAN1_TX_IRQHandler
                0x08000218                DMA2_Channel5_IRQHandler
                0x08000218                DMA1_Channel5_IRQHandler
                0x08000218                EXTI4_IRQHandler
                0x08000218                RNG_IRQHandler
                0x08000218                TIM1_TRG_COM_TIM17_IRQHandler
                0x08000218                DMA1_Channel3_IRQHandler
                0x08000218                COMP_IRQHandler
                0x08000218                WWDG_IRQHandler
                0x08000218                LPUART1_IRQHandler
                0x08000218                DMA2_Channel6_IRQHandler
                0x08000218                TIM2_IRQHandler
                0x08000218                EXTI1_IRQHandler
                0x08000218                USART2_IRQHandler
                0x08000218                I2C2_ER_IRQHandler
                0x08000218                DMA1_Channel2_IRQHandler
                0x08000218                TIM8_BRK_IRQHandler
                0x08000218                CAN1_SCE_IRQHandler
                0x08000218                FLASH_IRQHandler
                0x08000218                BusFault_Handler
                0x08000218                USART1_IRQHandler
                0x08000218                OTG_FS_IRQHandler
                0x08000218                SPI3_IRQHandler
                0x08000218                I2C1_ER_IRQHandler
                0x08000218                FMC_IRQHandler
                0x08000218                SWPMI1_IRQHandler
                0x08000218                LPTIM1_IRQHandler
                0x08000218                DFSDM1_IRQHandler
                0x08000218                SAI1_IRQHandler
                0x08000218                DMA2_Channel3_IRQHandler
                0x08000218                TIM1_BRK_TIM15_IRQHandler
 *fill*         0x0800021a        0x2 
 .text.SystemInit
                0x0800021c       0x48 Drivers/CMSIS/Device/ST/STM32L4xx/Source/Templates/system_stm32l4xx.o
                0x0800021c                SystemInit
 .text.HAL_Init
                0x08000264       0x24 Drivers/STM32L4xx_HAL_Driver/Src/stm32l4xx_hal.o
                0x08000264                HAL_Init
 .text.HAL_IncTick
                0x08000288       0x10 Drivers/STM32L4xx_HAL_Driver/Src/stm32l4xx_hal.o
                0x08000288                HAL_IncTick
 .text.HAL_GetTick
                0x08000298        0xc Drivers/STM32L4xx_HAL_Driver/Src/stm32l4xx_hal.o
                0x08000298                HAL_GetTick
 .text.HAL_NVIC_SetPriorityGrouping
                0x080002a4       0x24 Drivers/STM32L4xx_HAL_Driver/Src/stm32l4xx_hal_cortex.o
                0x080002a4                HAL_NVIC_SetPriorityGrouping
 .text.HAL_NVIC_SetPriority
                0x080002c8       0x68 Drivers/STM32L4xx_HAL_Driver/Src/stm32l4xx_hal_cortex.o
                0x080002c8                HAL_NVIC_SetPriority
 .text.HAL_NVIC_EnableIRQ
                0x08000330       0x18 Drivers/STM32L4xx_HAL_Driver/Src/stm32l4xx_hal_cortex.o
                0x08000330                HAL_NVIC_EnableIRQ
 .text.HAL_SYSTICK_Config
                0x08000348       0x2c Drivers/STM32L4xx_HAL_Driver/Src/stm32l4xx_hal_cortex.o
                0x08000348                HAL_SYSTICK_Config
 .text.HAL_SYSTICK_CLKSourceConfig
                0x08000374       0x18 Drivers/STM32L4xx_HAL_Driver/Src/stm32l4xx_hal_cortex.o
                0x08000374                HAL_SYSTICK_CLKSourceConfig
 .text.HAL_GPIO_Init
                0x0800038c      0x1b8 Drivers/STM32L4xx_HAL_Driver/Src/stm32l4xx_hal_gpio.o
                0x0800038c                HAL_GPIO_Init
 .text.HAL_GPIO_WritePin
                0x08000544        0xa Drivers/STM32L4xx_HAL_Driver/Src/stm32l4xx_hal_gpio.o
                0x08000544                HAL_GPIO_WritePin
 *fill*         0x0800054e        0x2 
 .text.HAL_PWREx_GetVoltageRange
                0x08000550       0x10 Drivers/STM32L4xx_HAL_Driver/Src/stm32l4xx_hal_pwr_ex.o
                0x08000550                HAL_PWREx_GetVoltageRange
 .text.HAL_PWREx_ControlVoltageScaling
                0x08000560       0x68 Drivers/STM32L4xx_HAL_Driver/Src/stm32l4xx_hal_pwr_ex.o
                0x08000560                HAL_PWREx_ControlVoltageScaling
 .text.RCC_SetFlashLatencyFromMSIRange
                0x080005c8       0x84 Drivers/STM32L4xx_HAL_Driver/Src/stm32l4xx_hal_rcc.o
 .text.HAL_RCC_GetSysClockFreq
                0x0800064c      0x12c Drivers/STM32L4xx_HAL_Driver/Src/stm32l4xx_hal_rcc.o
                0x0800064c                HAL_RCC_GetSysClockFreq
 .text.HAL_RCC_OscConfig
                0x08000778      0x4b0 Drivers/STM32L4xx_HAL_Driver/Src/stm32l4xx_hal_rcc.o
                0x08000778                HAL_RCC_OscConfig
 .text.HAL_RCC_ClockConfig
                0x08000c28      0x174 Drivers/STM32L4xx_HAL_Driver/Src/stm32l4xx_hal_rcc.o
                0x08000c28                HAL_RCC_ClockConfig
 .text.HAL_RCC_GetHCLKFreq
                0x08000d9c        0xc Drivers/STM32L4xx_HAL_Driver/Src/stm32l4xx_hal_rcc.o
                0x08000d9c                HAL_RCC_GetHCLKFreq
 .text.HAL_RCC_GetPCLK2Freq
                0x08000da8       0x30 Drivers/STM32L4xx_HAL_Driver/Src/stm32l4xx_hal_rcc.o
                0x08000da8                HAL_RCC_GetPCLK2Freq
 .text.HAL_RCC_GetClockConfig
                0x08000dd8       0x3c Drivers/STM32L4xx_HAL_Driver/Src/stm32l4xx_hal_rcc.o
                0x08000dd8                HAL_RCC_GetClockConfig
 .text.HAL_TIM_Base_MspInit
                0x08000e14        0x2 Drivers/STM32L4xx_HAL_Driver/Src/stm32l4xx_hal_tim.o
                0x08000e14                HAL_TIM_Base_MspInit
 .text.HAL_TIM_Base_Start_IT
                0x08000e16       0x16 Drivers/STM32L4xx_HAL_Driver/Src/stm32l4xx_hal_tim.o
                0x08000e16                HAL_TIM_Base_Start_IT
 .text.HAL_TIM_OC_DelayElapsedCallback
                0x08000e2c        0x2 Drivers/STM32L4xx_HAL_Driver/Src/stm32l4xx_hal_tim.o
                0x08000e2c                HAL_TIM_OC_DelayElapsedCallback
 .text.HAL_TIM_IC_CaptureCallback
                0x08000e2e        0x2 Drivers/STM32L4xx_HAL_Driver/Src/stm32l4xx_hal_tim.o
                0x08000e2e                HAL_TIM_IC_CaptureCallback
 .text.HAL_TIM_PWM_PulseFinishedCallback
                0x08000e30        0x2 Drivers/STM32L4xx_HAL_Driver/Src/stm32l4xx_hal_tim.o
                0x08000e30                HAL_TIM_PWM_PulseFinishedCallback
 .text.HAL_TIM_TriggerCallback
                0x08000e32        0x2 Drivers/STM32L4xx_HAL_Driver/Src/stm32l4xx_hal_tim.o
                0x08000e32                HAL_TIM_TriggerCallback
 .text.HAL_TIM_IRQHandler
                0x08000e34      0x144 Drivers/STM32L4xx_HAL_Driver/Src/stm32l4xx_hal_tim.o
                0x08000e34                HAL_TIM_IRQHandler
 .text.TIM_Base_SetConfig
                0x08000f78       0xc4 Drivers/STM32L4xx_HAL_Driver/Src/stm32l4xx_hal_tim.o
                0x08000f78                TIM_Base_SetConfig
 .text.HAL_TIM_Base_Init
                0x0800103c       0x34 Drivers/STM32L4xx_HAL_Driver/Src/stm32l4xx_hal_tim.o
                0x0800103c                HAL_TIM_Base_Init
 .text.HAL_TIMEx_CommutationCallback
                0x08001070        0x2 Drivers/STM32L4xx_HAL_Driver/Src/stm32l4xx_hal_tim_ex.o
                0x08001070                HAL_TIMEx_CommutationCallback
 .text.HAL_TIMEx_BreakCallback
                0x08001072        0x2 Drivers/STM32L4xx_HAL_Driver/Src/stm32l4xx_hal_tim_ex.o
                0x08001072                HAL_TIMEx_BreakCallback
 .text.osKernelStart
                0x08001074        0xa Middlewares/Third_Party/FreeRTOS/Source/CMSIS_RTOS/cmsis_os.o
                0x08001074                osKernelStart
 .text.osThreadCreate
                0x0800107e       0x38 Middlewares/Third_Party/FreeRTOS/Source/CMSIS_RTOS/cmsis_os.o
                0x0800107e                osThreadCreate
 .text.osDelay  0x080010b6       0x10 Middlewares/Third_Party/FreeRTOS/Source/CMSIS_RTOS/cmsis_os.o
                0x080010b6                osDelay
 .text.osSystickHandler
                0x080010c6       0x14 Middlewares/Third_Party/FreeRTOS/Source/CMSIS_RTOS/cmsis_os.o
                0x080010c6                osSystickHandler
 .text.vListInitialise
                0x080010da       0x16 Middlewares/Third_Party/FreeRTOS/Source/list.o
                0x080010da                vListInitialise
 .text.vListInitialiseItem
                0x080010f0        0x6 Middlewares/Third_Party/FreeRTOS/Source/list.o
                0x080010f0                vListInitialiseItem
 .text.vListInsertEnd
                0x080010f6       0x18 Middlewares/Third_Party/FreeRTOS/Source/list.o
                0x080010f6                vListInsertEnd
 .text.vListInsert
                0x0800110e       0x2e Middlewares/Third_Party/FreeRTOS/Source/list.o
                0x0800110e                vListInsert
 .text.uxListRemove
                0x0800113c       0x20 Middlewares/Third_Party/FreeRTOS/Source/list.o
                0x0800113c                uxListRemove
 .text.prvResetNextTaskUnblockTime
                0x0800115c       0x20 Middlewares/Third_Party/FreeRTOS/Source/tasks.o
 .text.prvAddCurrentTaskToDelayedList
                0x0800117c       0x38 Middlewares/Third_Party/FreeRTOS/Source/tasks.o
 .text.xTaskGenericCreate.part.5
                0x080011b4      0x190 Middlewares/Third_Party/FreeRTOS/Source/tasks.o
 .text.xTaskGenericCreate
                0x08001344       0x36 Middlewares/Third_Party/FreeRTOS/Source/tasks.o
                0x08001344                xTaskGenericCreate
 *fill*         0x0800137a        0x2 
 .text.vTaskStartScheduler
                0x0800137c       0x68 Middlewares/Third_Party/FreeRTOS/Source/tasks.o
                0x0800137c                vTaskStartScheduler
 .text.vTaskSuspendAll
                0x080013e4       0x14 Middlewares/Third_Party/FreeRTOS/Source/tasks.o
                0x080013e4                vTaskSuspendAll
 .text.xTaskIncrementTick
                0x080013f8       0xf0 Middlewares/Third_Party/FreeRTOS/Source/tasks.o
                0x080013f8                xTaskIncrementTick
 .text.xTaskResumeAll
                0x080014e8       0xdc Middlewares/Third_Party/FreeRTOS/Source/tasks.o
                0x080014e8                xTaskResumeAll
 .text.vTaskDelay
                0x080015c4       0x70 Middlewares/Third_Party/FreeRTOS/Source/tasks.o
                0x080015c4                vTaskDelay
 .text.prvIdleTask
                0x08001634       0x6c Middlewares/Third_Party/FreeRTOS/Source/tasks.o
 .text.vTaskSwitchContext
                0x080016a0       0x68 Middlewares/Third_Party/FreeRTOS/Source/tasks.o
                0x080016a0                vTaskSwitchContext
 .text.xTaskGetSchedulerState
                0x08001708       0x20 Middlewares/Third_Party/FreeRTOS/Source/tasks.o
                0x08001708                xTaskGetSchedulerState
 .text.prvTaskExitError
                0x08001728       0x30 Middlewares/Third_Party/FreeRTOS/Source/portable/GCC/ARM_CM4F/port.o
 .text.prvPortStartFirstTask
                0x08001758       0x20 Middlewares/Third_Party/FreeRTOS/Source/portable/GCC/ARM_CM4F/port.o
 .text.vPortEnableVFP
                0x08001778       0x14 Middlewares/Third_Party/FreeRTOS/Source/portable/GCC/ARM_CM4F/port.o
 .text.pxPortInitialiseStack
                0x0800178c       0x24 Middlewares/Third_Party/FreeRTOS/Source/portable/GCC/ARM_CM4F/port.o
                0x0800178c                pxPortInitialiseStack
 .text.SVC_Handler
                0x080017b0       0x20 Middlewares/Third_Party/FreeRTOS/Source/portable/GCC/ARM_CM4F/port.o
                0x080017b0                SVC_Handler
 .text.vPortEnterCritical
                0x080017d0       0x44 Middlewares/Third_Party/FreeRTOS/Source/portable/GCC/ARM_CM4F/port.o
                0x080017d0                vPortEnterCritical
 .text.vPortExitCritical
                0x08001814       0x28 Middlewares/Third_Party/FreeRTOS/Source/portable/GCC/ARM_CM4F/port.o
                0x08001814                vPortExitCritical
 .text.PendSV_Handler
                0x0800183c       0x60 Middlewares/Third_Party/FreeRTOS/Source/portable/GCC/ARM_CM4F/port.o
                0x0800183c                PendSV_Handler
 .text.xPortSysTickHandler
                0x0800189c       0x30 Middlewares/Third_Party/FreeRTOS/Source/portable/GCC/ARM_CM4F/port.o
                0x0800189c                xPortSysTickHandler
 .text.vPortSetupTimerInterrupt
                0x080018cc       0x28 Middlewares/Third_Party/FreeRTOS/Source/portable/GCC/ARM_CM4F/port.o
                0x080018cc                vPortSetupTimerInterrupt
 .text.xPortStartScheduler
                0x080018f4       0xe4 Middlewares/Third_Party/FreeRTOS/Source/portable/GCC/ARM_CM4F/port.o
                0x080018f4                xPortStartScheduler
 .text.unlikely.prvInsertBlockIntoFreeList
                0x080019d8       0x44 Middlewares/Third_Party/FreeRTOS/Source/portable/MemMang/heap_4.o
 .text.pvPortMalloc
                0x08001a1c      0x110 Middlewares/Third_Party/FreeRTOS/Source/portable/MemMang/heap_4.o
                0x08001a1c                pvPortMalloc
 .text.vPortFree
                0x08001b2c       0x70 Middlewares/Third_Party/FreeRTOS/Source/portable/MemMang/heap_4.o
                0x08001b2c                vPortFree
 .text.StartDefaultTask
                0x08001b9c        0xa Src/main.o
                0x08001b9c                StartDefaultTask
 *fill*         0x08001ba6        0x2 
 .text.SystemClock_Config
                0x08001ba8       0x8c Src/main.o
                0x08001ba8                SystemClock_Config
 .text.startup.main
                0x08001c34       0xdc Src/main.o
                0x08001c34                main
 .text.HAL_MspInit
                0x08001d10       0x64 Src/stm32l4xx_hal_msp.o
                0x08001d10                HAL_MspInit
 .text.HAL_InitTick
                0x08001d74       0x78 Src/stm32l4xx_hal_timebase_TIM.o
                0x08001d74                HAL_InitTick
 .text.HAL_TIM_PeriodElapsedCallback
                0x08001dec        0x4 Src/stm32l4xx_hal_timebase_TIM.o
                0x08001dec                HAL_TIM_PeriodElapsedCallback
 .text.SysTick_Handler
                0x08001df0        0x4 Src/stm32l4xx_it.o
                0x08001df0                SysTick_Handler
 .text.TIM1_UP_TIM16_IRQHandler
                0x08001df4        0xc Src/stm32l4xx_it.o
                0x08001df4                TIM1_UP_TIM16_IRQHandler
 .text.__libc_init_array
                0x08001e00       0x48 c:/program files/ac6/plugins/fr.ac6.mcu.externaltools.arm-none.win32_1.17.0.201812190825/tools/make/../lib/gcc/arm-none-eabi/7.3.1/../../../../arm-none-eabi/lib/thumb/v7e-m/fpv4-sp/hard\libc_nano.a(lib_a-init.o)
                0x08001e00                __libc_init_array
 .text.memset   0x08001e48       0x10 c:/program files/ac6/plugins/fr.ac6.mcu.externaltools.arm-none.win32_1.17.0.201812190825/tools/make/../lib/gcc/arm-none-eabi/7.3.1/../../../../arm-none-eabi/lib/thumb/v7e-m/fpv4-sp/hard\libc_nano.a(lib_a-memset.o)
                0x08001e48                memset
 *(.glue_7)
 .glue_7        0x08001e58        0x0 linker stubs
 *(.glue_7t)
 .glue_7t       0x08001e58        0x0 linker stubs
 *(.eh_frame)
 .eh_frame      0x08001e58        0x0 c:/program files/ac6/plugins/fr.ac6.mcu.externaltools.arm-none.win32_1.17.0.201812190825/tools/make/../lib/gcc/arm-none-eabi/7.3.1/thumb/v7e-m/fpv4-sp/hard/crtbegin.o
 *(.init)
 .init          0x08001e58        0x4 c:/program files/ac6/plugins/fr.ac6.mcu.externaltools.arm-none.win32_1.17.0.201812190825/tools/make/../lib/gcc/arm-none-eabi/7.3.1/thumb/v7e-m/fpv4-sp/hard/crti.o
                0x08001e58                _init
 .init          0x08001e5c        0x8 c:/program files/ac6/plugins/fr.ac6.mcu.externaltools.arm-none.win32_1.17.0.201812190825/tools/make/../lib/gcc/arm-none-eabi/7.3.1/thumb/v7e-m/fpv4-sp/hard/crtn.o
 *(.fini)
 .fini          0x08001e64        0x4 c:/program files/ac6/plugins/fr.ac6.mcu.externaltools.arm-none.win32_1.17.0.201812190825/tools/make/../lib/gcc/arm-none-eabi/7.3.1/thumb/v7e-m/fpv4-sp/hard/crti.o
                0x08001e64                _fini
 .fini          0x08001e68        0x8 c:/program files/ac6/plugins/fr.ac6.mcu.externaltools.arm-none.win32_1.17.0.201812190825/tools/make/../lib/gcc/arm-none-eabi/7.3.1/thumb/v7e-m/fpv4-sp/hard/crtn.o
                0x08001e70                . = ALIGN (0x8)
                0x08001e70                _etext = .

.vfp11_veneer   0x08001e70        0x0
 .vfp11_veneer  0x08001e70        0x0 linker stubs

.v4_bx          0x08001e70        0x0
 .v4_bx         0x08001e70        0x0 linker stubs

.iplt           0x08001e70        0x0
 .iplt          0x08001e70        0x0 c:/program files/ac6/plugins/fr.ac6.mcu.externaltools.arm-none.win32_1.17.0.201812190825/tools/make/../lib/gcc/arm-none-eabi/7.3.1/thumb/v7e-m/fpv4-sp/hard/crtbegin.o

.rodata         0x08001e70       0x70
                0x08001e70                . = ALIGN (0x8)
 *(.rodata)
 .rodata        0x08001e70       0x48 Drivers/CMSIS/Device/ST/STM32L4xx/Source/Templates/system_stm32l4xx.o
                0x08001e70                MSIRangeTable
                0x08001ea0                AHBPrescTable
                0x08001eb0                APBPrescTable
 .rodata        0x08001eb8       0x14 Src/main.o
 *(.rodata*)
 .rodata.str1.1
                0x08001ecc        0x5 Middlewares/Third_Party/FreeRTOS/Source/tasks.o
 .rodata.str1.1
                0x08001ed1        0xc Src/main.o
                0x08001ee0                . = ALIGN (0x8)
 *fill*         0x08001edd        0x3 

.rel.dyn        0x08001ee0        0x0
 .rel.iplt      0x08001ee0        0x0 c:/program files/ac6/plugins/fr.ac6.mcu.externaltools.arm-none.win32_1.17.0.201812190825/tools/make/../lib/gcc/arm-none-eabi/7.3.1/thumb/v7e-m/fpv4-sp/hard/crtbegin.o

.ARM.extab      0x08001ee0        0x0
                0x08001ee0                . = ALIGN (0x8)
 *(.ARM.extab* .gnu.linkonce.armextab.*)
                0x08001ee0                . = ALIGN (0x8)

.ARM            0x08001ee0        0x0
                0x08001ee0                . = ALIGN (0x8)
                0x08001ee0                __exidx_start = .
 *(.ARM.exidx*)
                0x08001ee0                __exidx_end = .
                0x08001ee0                . = ALIGN (0x8)

.preinit_array  0x08001ee0        0x0
                0x08001ee0                . = ALIGN (0x8)
                0x08001ee0                PROVIDE (__preinit_array_start = .)
 *(.preinit_array*)
                0x08001ee0                PROVIDE (__preinit_array_end = .)
                0x08001ee0                . = ALIGN (0x8)

.init_array     0x08001ee0        0x8
                0x08001ee0                . = ALIGN (0x8)
                0x08001ee0                PROVIDE (__init_array_start = .)
 *(SORT_BY_NAME(.init_array.*))
 *(.init_array*)
 .init_array    0x08001ee0        0x4 c:/program files/ac6/plugins/fr.ac6.mcu.externaltools.arm-none.win32_1.17.0.201812190825/tools/make/../lib/gcc/arm-none-eabi/7.3.1/thumb/v7e-m/fpv4-sp/hard/crtbegin.o
                0x08001ee4                PROVIDE (__init_array_end = .)
                0x08001ee8                . = ALIGN (0x8)
 *fill*         0x08001ee4        0x4 

.fini_array     0x08001ee8        0x8
                0x08001ee8                . = ALIGN (0x8)
                [!provide]                PROVIDE (__fini_array_start = .)
 *(SORT_BY_NAME(.fini_array.*))
 *(.fini_array*)
 .fini_array    0x08001ee8        0x4 c:/program files/ac6/plugins/fr.ac6.mcu.externaltools.arm-none.win32_1.17.0.201812190825/tools/make/../lib/gcc/arm-none-eabi/7.3.1/thumb/v7e-m/fpv4-sp/hard/crtbegin.o
                [!provide]                PROVIDE (__fini_array_end = .)
                0x08001ef0                . = ALIGN (0x8)
 *fill*         0x08001eec        0x4 
                0x08001ef0                _sidata = LOADADDR (.data)

.data           0x20000000        0x8 load address 0x08001ef0
                0x20000000                . = ALIGN (0x8)
                0x20000000                _sdata = .
 *(.data)
 .data          0x20000000        0x4 Drivers/CMSIS/Device/ST/STM32L4xx/Source/Templates/system_stm32l4xx.o
                0x20000000                SystemCoreClock
 .data          0x20000004        0x4 Middlewares/Third_Party/FreeRTOS/Source/portable/GCC/ARM_CM4F/port.o
 *(.data*)
                0x20000008                . = ALIGN (0x8)
                0x20000008                _edata = .

.igot.plt       0x20000008        0x0 load address 0x08001ef8
 .igot.plt      0x20000008        0x0 c:/program files/ac6/plugins/fr.ac6.mcu.externaltools.arm-none.win32_1.17.0.201812190825/tools/make/../lib/gcc/arm-none-eabi/7.3.1/thumb/v7e-m/fpv4-sp/hard/crtbegin.o
                0x20000008                . = ALIGN (0x4)

.bss            0x20000008      0xd60 load address 0x08001ef8
                0x20000008                _sbss = .
                0x20000008                __bss_start__ = _sbss
 *(.bss)
 .bss           0x20000008       0x1c c:/program files/ac6/plugins/fr.ac6.mcu.externaltools.arm-none.win32_1.17.0.201812190825/tools/make/../lib/gcc/arm-none-eabi/7.3.1/thumb/v7e-m/fpv4-sp/hard/crtbegin.o
 .bss           0x20000024      0x128 Middlewares/Third_Party/FreeRTOS/Source/tasks.o
                0x2000002c                pxCurrentTCB
 .bss           0x2000014c        0x8 Middlewares/Third_Party/FreeRTOS/Source/portable/GCC/ARM_CM4F/port.o
 .bss           0x20000154      0xbd0 Middlewares/Third_Party/FreeRTOS/Source/portable/MemMang/heap_4.o
 *(.bss*)
 *(COMMON)
 COMMON         0x20000d24        0x4 Drivers/STM32L4xx_HAL_Driver/Src/stm32l4xx_hal.o
                0x20000d24                uwTick
 COMMON         0x20000d28        0x4 Src/main.o
                0x20000d28                defaultTaskHandle
 COMMON         0x20000d2c       0x3c Src/stm32l4xx_hal_timebase_TIM.o
                0x20000d2c                htim1
                0x20000d68                . = ALIGN (0x4)
                0x20000d68                _ebss = .
                0x20000d68                __bss_end__ = _ebss

._user_heap_stack
                0x20000d68      0x600 load address 0x08001ef8
                0x20000d68                . = ALIGN (0x8)
                [!provide]                PROVIDE (end = .)
                [!provide]                PROVIDE (_end = .)
                0x20000f68                . = (. + _Min_Heap_Size)
 *fill*         0x20000d68      0x200 
                0x20001368                . = (. + _Min_Stack_Size)
 *fill*         0x20000f68      0x400 
                0x20001368                . = ALIGN (0x8)

/DISCARD/
 libc.a(*)
 libm.a(*)
 libgcc.a(*)

.ARM.attributes
                0x00000000       0x30
 *(.ARM.attributes)
 .ARM.attributes
                0x00000000       0x22 c:/program files/ac6/plugins/fr.ac6.mcu.externaltools.arm-none.win32_1.17.0.201812190825/tools/make/../lib/gcc/arm-none-eabi/7.3.1/thumb/v7e-m/fpv4-sp/hard/crti.o
 .ARM.attributes
                0x00000022       0x34 c:/program files/ac6/plugins/fr.ac6.mcu.externaltools.arm-none.win32_1.17.0.201812190825/tools/make/../lib/gcc/arm-none-eabi/7.3.1/thumb/v7e-m/fpv4-sp/hard/crtbegin.o
 .ARM.attributes
                0x00000056       0x21 Drivers/CMSIS/Device/ST/STM32L4xx/Source/Templates/gcc/startup_stm32l476xx.o
 .ARM.attributes
                0x00000077       0x39 Drivers/CMSIS/Device/ST/STM32L4xx/Source/Templates/system_stm32l4xx.o
 .ARM.attributes
                0x000000b0       0x39 Drivers/STM32L4xx_HAL_Driver/Src/stm32l4xx_hal.o
 .ARM.attributes
                0x000000e9       0x39 Drivers/STM32L4xx_HAL_Driver/Src/stm32l4xx_hal_cortex.o
 .ARM.attributes
                0x00000122       0x39 Drivers/STM32L4xx_HAL_Driver/Src/stm32l4xx_hal_gpio.o
 .ARM.attributes
                0x0000015b       0x39 Drivers/STM32L4xx_HAL_Driver/Src/stm32l4xx_hal_pwr_ex.o
 .ARM.attributes
                0x00000194       0x39 Drivers/STM32L4xx_HAL_Driver/Src/stm32l4xx_hal_rcc.o
 .ARM.attributes
                0x000001cd       0x39 Drivers/STM32L4xx_HAL_Driver/Src/stm32l4xx_hal_tim.o
 .ARM.attributes
                0x00000206       0x39 Drivers/STM32L4xx_HAL_Driver/Src/stm32l4xx_hal_tim_ex.o
 .ARM.attributes
                0x0000023f       0x39 Middlewares/Third_Party/FreeRTOS/Source/CMSIS_RTOS/cmsis_os.o
 .ARM.attributes
                0x00000278       0x39 Middlewares/Third_Party/FreeRTOS/Source/list.o
 .ARM.attributes
                0x000002b1       0x39 Middlewares/Third_Party/FreeRTOS/Source/tasks.o
 .ARM.attributes
                0x000002ea       0x39 Middlewares/Third_Party/FreeRTOS/Source/portable/GCC/ARM_CM4F/port.o
 .ARM.attributes
                0x00000323       0x39 Middlewares/Third_Party/FreeRTOS/Source/portable/MemMang/heap_4.o
 .ARM.attributes
                0x0000035c       0x39 Src/main.o
 .ARM.attributes
                0x00000395       0x39 Src/stm32l4xx_hal_msp.o
 .ARM.attributes
                0x000003ce       0x39 Src/stm32l4xx_hal_timebase_TIM.o
 .ARM.attributes
                0x00000407       0x39 Src/stm32l4xx_it.o
 .ARM.attributes
                0x00000440       0x34 c:/program files/ac6/plugins/fr.ac6.mcu.externaltools.arm-none.win32_1.17.0.201812190825/tools/make/../lib/gcc/arm-none-eabi/7.3.1/../../../../arm-none-eabi/lib/thumb/v7e-m/fpv4-sp/hard\libc_nano.a(lib_a-init.o)
 .ARM.attributes
                0x00000474       0x34 c:/program files/ac6/plugins/fr.ac6.mcu.externaltools.arm-none.win32_1.17.0.201812190825/tools/make/../lib/gcc/arm-none-eabi/7.3.1/../../../../arm-none-eabi/lib/thumb/v7e-m/fpv4-sp/hard\libc_nano.a(lib_a-memset.o)
 .ARM.attributes
                0x000004a8       0x22 c:/program files/ac6/plugins/fr.ac6.mcu.externaltools.arm-none.win32_1.17.0.201812190825/tools/make/../lib/gcc/arm-none-eabi/7.3.1/thumb/v7e-m/fpv4-sp/hard/crtn.o
OUTPUT(L4FreeRTOS.elf elf32-littlearm)

.debug_line     0x00000000     0xac81
 .debug_line    0x00000000       0xae Drivers/CMSIS/Device/ST/STM32L4xx/Source/Templates/gcc/startup_stm32l476xx.o
 .debug_line    0x000000ae      0x7f3 Drivers/CMSIS/Device/ST/STM32L4xx/Source/Templates/system_stm32l4xx.o
 .debug_line    0x000008a1      0x99b Drivers/STM32L4xx_HAL_Driver/Src/stm32l4xx_hal.o
 .debug_line    0x0000123c      0x9a3 Drivers/STM32L4xx_HAL_Driver/Src/stm32l4xx_hal_cortex.o
 .debug_line    0x00001bdf      0x94d Drivers/STM32L4xx_HAL_Driver/Src/stm32l4xx_hal_gpio.o
 .debug_line    0x0000252c      0xb21 Drivers/STM32L4xx_HAL_Driver/Src/stm32l4xx_hal_pwr_ex.o
 .debug_line    0x0000304d      0xbd4 Drivers/STM32L4xx_HAL_Driver/Src/stm32l4xx_hal_rcc.o
 .debug_line    0x00003c21     0x1796 Drivers/STM32L4xx_HAL_Driver/Src/stm32l4xx_hal_tim.o
 .debug_line    0x000053b7      0xbe4 Drivers/STM32L4xx_HAL_Driver/Src/stm32l4xx_hal_tim_ex.o
 .debug_line    0x00005f9b      0xaf3 Middlewares/Third_Party/FreeRTOS/Source/CMSIS_RTOS/cmsis_os.o
 .debug_line    0x00006a8e      0x53c Middlewares/Third_Party/FreeRTOS/Source/list.o
 .debug_line    0x00006fca      0xe5d Middlewares/Third_Party/FreeRTOS/Source/tasks.o
 .debug_line    0x00007e27      0x5e7 Middlewares/Third_Party/FreeRTOS/Source/portable/GCC/ARM_CM4F/port.o
 .debug_line    0x0000840e      0x5fb Middlewares/Third_Party/FreeRTOS/Source/portable/MemMang/heap_4.o
 .debug_line    0x00008a09      0x9be Src/main.o
 .debug_line    0x000093c7      0x77e Src/stm32l4xx_hal_msp.o
 .debug_line    0x00009b45      0x7d0 Src/stm32l4xx_hal_timebase_TIM.o
 .debug_line    0x0000a315      0x96c Src/stm32l4xx_it.o

.debug_info     0x00000000    0x180fb
 .debug_info    0x00000000       0x22 Drivers/CMSIS/Device/ST/STM32L4xx/Source/Templates/gcc/startup_stm32l476xx.o
 .debug_info    0x00000022      0xde3 Drivers/CMSIS/Device/ST/STM32L4xx/Source/Templates/system_stm32l4xx.o
 .debug_info    0x00000e05     0x13d0 Drivers/STM32L4xx_HAL_Driver/Src/stm32l4xx_hal.o
 .debug_info    0x000021d5     0x1700 Drivers/STM32L4xx_HAL_Driver/Src/stm32l4xx_hal_cortex.o
 .debug_info    0x000038d5     0x1091 Drivers/STM32L4xx_HAL_Driver/Src/stm32l4xx_hal_gpio.o
 .debug_info    0x00004966     0x12aa Drivers/STM32L4xx_HAL_Driver/Src/stm32l4xx_hal_pwr_ex.o
 .debug_info    0x00005c10     0x18e8 Drivers/STM32L4xx_HAL_Driver/Src/stm32l4xx_hal_rcc.o
 .debug_info    0x000074f8     0x3be6 Drivers/STM32L4xx_HAL_Driver/Src/stm32l4xx_hal_tim.o
 .debug_info    0x0000b0de     0x1b55 Drivers/STM32L4xx_HAL_Driver/Src/stm32l4xx_hal_tim_ex.o
 .debug_info    0x0000cc33     0x2367 Middlewares/Third_Party/FreeRTOS/Source/CMSIS_RTOS/cmsis_os.o
 .debug_info    0x0000ef9a      0xacd Middlewares/Third_Party/FreeRTOS/Source/list.o
 .debug_info    0x0000fa67     0x2f15 Middlewares/Third_Party/FreeRTOS/Source/tasks.o
 .debug_info    0x0001297c      0x555 Middlewares/Third_Party/FreeRTOS/Source/portable/GCC/ARM_CM4F/port.o
 .debug_info    0x00012ed1      0xcb2 Middlewares/Third_Party/FreeRTOS/Source/portable/MemMang/heap_4.o
 .debug_info    0x00013b83     0x145f Src/main.o
 .debug_info    0x00014fe2      0xe7e Src/stm32l4xx_hal_msp.o
 .debug_info    0x00015e60     0x1454 Src/stm32l4xx_hal_timebase_TIM.o
 .debug_info    0x000172b4      0xe47 Src/stm32l4xx_it.o

.debug_abbrev   0x00000000     0x3421
 .debug_abbrev  0x00000000       0x12 Drivers/CMSIS/Device/ST/STM32L4xx/Source/Templates/gcc/startup_stm32l476xx.o
 .debug_abbrev  0x00000012      0x228 Drivers/CMSIS/Device/ST/STM32L4xx/Source/Templates/system_stm32l4xx.o
 .debug_abbrev  0x0000023a      0x2f7 Drivers/STM32L4xx_HAL_Driver/Src/stm32l4xx_hal.o
 .debug_abbrev  0x00000531      0x3ba Drivers/STM32L4xx_HAL_Driver/Src/stm32l4xx_hal_cortex.o
 .debug_abbrev  0x000008eb      0x2a5 Drivers/STM32L4xx_HAL_Driver/Src/stm32l4xx_hal_gpio.o
 .debug_abbrev  0x00000b90      0x336 Drivers/STM32L4xx_HAL_Driver/Src/stm32l4xx_hal_pwr_ex.o
 .debug_abbrev  0x00000ec6      0x38f Drivers/STM32L4xx_HAL_Driver/Src/stm32l4xx_hal_rcc.o
 .debug_abbrev  0x00001255      0x3f1 Drivers/STM32L4xx_HAL_Driver/Src/stm32l4xx_hal_tim.o
 .debug_abbrev  0x00001646      0x34c Drivers/STM32L4xx_HAL_Driver/Src/stm32l4xx_hal_tim_ex.o
 .debug_abbrev  0x00001992      0x465 Middlewares/Third_Party/FreeRTOS/Source/CMSIS_RTOS/cmsis_os.o
 .debug_abbrev  0x00001df7      0x21c Middlewares/Third_Party/FreeRTOS/Source/list.o
 .debug_abbrev  0x00002013      0x4ca Middlewares/Third_Party/FreeRTOS/Source/tasks.o
 .debug_abbrev  0x000024dd      0x216 Middlewares/Third_Party/FreeRTOS/Source/portable/GCC/ARM_CM4F/port.o
 .debug_abbrev  0x000026f3      0x34d Middlewares/Third_Party/FreeRTOS/Source/portable/MemMang/heap_4.o
 .debug_abbrev  0x00002a40      0x2e1 Src/main.o
 .debug_abbrev  0x00002d21      0x235 Src/stm32l4xx_hal_msp.o
 .debug_abbrev  0x00002f56      0x2bf Src/stm32l4xx_hal_timebase_TIM.o
 .debug_abbrev  0x00003215      0x20c Src/stm32l4xx_it.o

.debug_aranges  0x00000000      0xc10
 .debug_aranges
                0x00000000       0x28 Drivers/CMSIS/Device/ST/STM32L4xx/Source/Templates/gcc/startup_stm32l476xx.o
 .debug_aranges
                0x00000028       0x28 Drivers/CMSIS/Device/ST/STM32L4xx/Source/Templates/system_stm32l4xx.o
 .debug_aranges
                0x00000050       0xf8 Drivers/STM32L4xx_HAL_Driver/Src/stm32l4xx_hal.o
 .debug_aranges
                0x00000148       0x98 Drivers/STM32L4xx_HAL_Driver/Src/stm32l4xx_hal_cortex.o
 .debug_aranges
                0x000001e0       0x58 Drivers/STM32L4xx_HAL_Driver/Src/stm32l4xx_hal_gpio.o
 .debug_aranges
                0x00000238      0x130 Drivers/STM32L4xx_HAL_Driver/Src/stm32l4xx_hal_pwr_ex.o
 .debug_aranges
                0x00000368       0x88 Drivers/STM32L4xx_HAL_Driver/Src/stm32l4xx_hal_rcc.o
 .debug_aranges
                0x000003f0      0x268 Drivers/STM32L4xx_HAL_Driver/Src/stm32l4xx_hal_tim.o
 .debug_aranges
                0x00000658      0x100 Drivers/STM32L4xx_HAL_Driver/Src/stm32l4xx_hal_tim_ex.o
 .debug_aranges
                0x00000758      0x178 Middlewares/Third_Party/FreeRTOS/Source/CMSIS_RTOS/cmsis_os.o
 .debug_aranges
                0x000008d0       0x40 Middlewares/Third_Party/FreeRTOS/Source/list.o
 .debug_aranges
                0x00000910      0x188 Middlewares/Third_Party/FreeRTOS/Source/tasks.o
 .debug_aranges
                0x00000a98       0x80 Middlewares/Third_Party/FreeRTOS/Source/portable/GCC/ARM_CM4F/port.o
 .debug_aranges
                0x00000b18       0x48 Middlewares/Third_Party/FreeRTOS/Source/portable/MemMang/heap_4.o
 .debug_aranges
                0x00000b60       0x30 Src/main.o
 .debug_aranges
                0x00000b90       0x20 Src/stm32l4xx_hal_msp.o
 .debug_aranges
                0x00000bb0       0x38 Src/stm32l4xx_hal_timebase_TIM.o
 .debug_aranges
                0x00000be8       0x28 Src/stm32l4xx_it.o

.debug_str      0x00000000    0xa0a05
 .debug_str     0x00000000       0x87 Drivers/CMSIS/Device/ST/STM32L4xx/Source/Templates/gcc/startup_stm32l476xx.o
 .debug_str     0x00000087    0x95a5c Drivers/CMSIS/Device/ST/STM32L4xx/Source/Templates/system_stm32l4xx.o
                              0x95d63 (size before relaxing)
 .debug_str     0x00095ae3      0xaea Drivers/STM32L4xx_HAL_Driver/Src/stm32l4xx_hal.o
                              0x96889 (size before relaxing)
 .debug_str     0x000965cd      0x31a Drivers/STM32L4xx_HAL_Driver/Src/stm32l4xx_hal_cortex.o
                              0x96531 (size before relaxing)
 .debug_str     0x000968e7      0x317 Drivers/STM32L4xx_HAL_Driver/Src/stm32l4xx_hal_gpio.o
                              0x9600f (size before relaxing)
 .debug_str     0x00096bfe      0x4b4 Drivers/STM32L4xx_HAL_Driver/Src/stm32l4xx_hal_pwr_ex.o
                              0x96253 (size before relaxing)
 .debug_str     0x000970b2      0x4f7 Drivers/STM32L4xx_HAL_Driver/Src/stm32l4xx_hal_rcc.o
                              0x96398 (size before relaxing)
 .debug_str     0x000975a9     0x10a9 Drivers/STM32L4xx_HAL_Driver/Src/stm32l4xx_hal_tim.o
                              0x96d1d (size before relaxing)
 .debug_str     0x00098652      0x65b Drivers/STM32L4xx_HAL_Driver/Src/stm32l4xx_hal_tim_ex.o
                              0x9674f (size before relaxing)
 .debug_str     0x00098cad     0x5feb Middlewares/Third_Party/FreeRTOS/Source/CMSIS_RTOS/cmsis_os.o
                               0xcddd (size before relaxing)
 .debug_str     0x0009ec98      0x234 Middlewares/Third_Party/FreeRTOS/Source/list.o
                               0x9d2b (size before relaxing)
 .debug_str     0x0009eecc     0x1054 Middlewares/Third_Party/FreeRTOS/Source/tasks.o
                               0xbf3b (size before relaxing)
 .debug_str     0x0009ff20      0x744 Middlewares/Third_Party/FreeRTOS/Source/portable/GCC/ARM_CM4F/port.o
                               0x7fa2 (size before relaxing)
 .debug_str     0x000a0664      0x243 Middlewares/Third_Party/FreeRTOS/Source/portable/MemMang/heap_4.o
                               0xa61d (size before relaxing)
 .debug_str     0x000a08a7       0x91 Src/main.o
                              0x9bb1f (size before relaxing)
 .debug_str     0x000a0938       0x1b Src/stm32l4xx_hal_msp.o
                              0x96193 (size before relaxing)
 .debug_str     0x000a0953       0x61 Src/stm32l4xx_hal_timebase_TIM.o
                              0x966ef (size before relaxing)
 .debug_str     0x000a09b4       0x51 Src/stm32l4xx_it.o
                              0x9b504 (size before relaxing)

.debug_ranges   0x00000000      0xe78
 .debug_ranges  0x00000000       0x20 Drivers/CMSIS/Device/ST/STM32L4xx/Source/Templates/gcc/startup_stm32l476xx.o
 .debug_ranges  0x00000020       0x18 Drivers/CMSIS/Device/ST/STM32L4xx/Source/Templates/system_stm32l4xx.o
 .debug_ranges  0x00000038       0xe8 Drivers/STM32L4xx_HAL_Driver/Src/stm32l4xx_hal.o
 .debug_ranges  0x00000120      0x128 Drivers/STM32L4xx_HAL_Driver/Src/stm32l4xx_hal_cortex.o
 .debug_ranges  0x00000248       0x68 Drivers/STM32L4xx_HAL_Driver/Src/stm32l4xx_hal_gpio.o
 .debug_ranges  0x000002b0      0x120 Drivers/STM32L4xx_HAL_Driver/Src/stm32l4xx_hal_pwr_ex.o
 .debug_ranges  0x000003d0       0xc8 Drivers/STM32L4xx_HAL_Driver/Src/stm32l4xx_hal_rcc.o
 .debug_ranges  0x00000498      0x318 Drivers/STM32L4xx_HAL_Driver/Src/stm32l4xx_hal_tim.o
 .debug_ranges  0x000007b0       0xf0 Drivers/STM32L4xx_HAL_Driver/Src/stm32l4xx_hal_tim_ex.o
 .debug_ranges  0x000008a0      0x168 Middlewares/Third_Party/FreeRTOS/Source/CMSIS_RTOS/cmsis_os.o
 .debug_ranges  0x00000a08       0x30 Middlewares/Third_Party/FreeRTOS/Source/list.o
 .debug_ranges  0x00000a38      0x280 Middlewares/Third_Party/FreeRTOS/Source/tasks.o
 .debug_ranges  0x00000cb8       0x88 Middlewares/Third_Party/FreeRTOS/Source/portable/GCC/ARM_CM4F/port.o
 .debug_ranges  0x00000d40       0x38 Middlewares/Third_Party/FreeRTOS/Source/portable/MemMang/heap_4.o
 .debug_ranges  0x00000d78       0x70 Src/main.o
 .debug_ranges  0x00000de8       0x30 Src/stm32l4xx_hal_msp.o
 .debug_ranges  0x00000e18       0x48 Src/stm32l4xx_hal_timebase_TIM.o
 .debug_ranges  0x00000e60       0x18 Src/stm32l4xx_it.o

.debug_loc      0x00000000     0x7d79
 .debug_loc     0x00000000      0x1be Drivers/CMSIS/Device/ST/STM32L4xx/Source/Templates/system_stm32l4xx.o
 .debug_loc     0x000001be       0xeb Drivers/STM32L4xx_HAL_Driver/Src/stm32l4xx_hal.o
 .debug_loc     0x000002a9      0x47a Drivers/STM32L4xx_HAL_Driver/Src/stm32l4xx_hal_cortex.o
 .debug_loc     0x00000723      0x2cd Drivers/STM32L4xx_HAL_Driver/Src/stm32l4xx_hal_gpio.o
 .debug_loc     0x000009f0      0x5ad Drivers/STM32L4xx_HAL_Driver/Src/stm32l4xx_hal_pwr_ex.o
 .debug_loc     0x00000f9d      0x70b Drivers/STM32L4xx_HAL_Driver/Src/stm32l4xx_hal_rcc.o
 .debug_loc     0x000016a8     0x30ae Drivers/STM32L4xx_HAL_Driver/Src/stm32l4xx_hal_tim.o
 .debug_loc     0x00004756      0xc4a Drivers/STM32L4xx_HAL_Driver/Src/stm32l4xx_hal_tim_ex.o
 .debug_loc     0x000053a0      0xf6d Middlewares/Third_Party/FreeRTOS/Source/CMSIS_RTOS/cmsis_os.o
 .debug_loc     0x0000630d       0x94 Middlewares/Third_Party/FreeRTOS/Source/list.o
 .debug_loc     0x000063a1     0x14bd Middlewares/Third_Party/FreeRTOS/Source/tasks.o
 .debug_loc     0x0000785e       0xae Middlewares/Third_Party/FreeRTOS/Source/portable/GCC/ARM_CM4F/port.o
 .debug_loc     0x0000790c      0x397 Middlewares/Third_Party/FreeRTOS/Source/portable/MemMang/heap_4.o
 .debug_loc     0x00007ca3       0x21 Src/main.o
 .debug_loc     0x00007cc4       0xb5 Src/stm32l4xx_hal_timebase_TIM.o

.debug_macro    0x00000000    0x1936e
 .debug_macro   0x00000000      0x31e Drivers/CMSIS/Device/ST/STM32L4xx/Source/Templates/system_stm32l4xx.o
 .debug_macro   0x0000031e      0xa66 Drivers/CMSIS/Device/ST/STM32L4xx/Source/Templates/system_stm32l4xx.o
 .debug_macro   0x00000d84       0x2e Drivers/CMSIS/Device/ST/STM32L4xx/Source/Templates/system_stm32l4xx.o
 .debug_macro   0x00000db2       0x28 Drivers/CMSIS/Device/ST/STM32L4xx/Source/Templates/system_stm32l4xx.o
 .debug_macro   0x00000dda       0x22 Drivers/CMSIS/Device/ST/STM32L4xx/Source/Templates/system_stm32l4xx.o
 .debug_macro   0x00000dfc       0x8e Drivers/CMSIS/Device/ST/STM32L4xx/Source/Templates/system_stm32l4xx.o
 .debug_macro   0x00000e8a       0x51 Drivers/CMSIS/Device/ST/STM32L4xx/Source/Templates/system_stm32l4xx.o
 .debug_macro   0x00000edb       0xef Drivers/CMSIS/Device/ST/STM32L4xx/Source/Templates/system_stm32l4xx.o
 .debug_macro   0x00000fca       0x6a Drivers/CMSIS/Device/ST/STM32L4xx/Source/Templates/system_stm32l4xx.o
 .debug_macro   0x00001034      0x1df Drivers/CMSIS/Device/ST/STM32L4xx/Source/Templates/system_stm32l4xx.o
 .debug_macro   0x00001213       0x35 Drivers/CMSIS/Device/ST/STM32L4xx/Source/Templates/system_stm32l4xx.o
 .debug_macro   0x00001248       0x50 Drivers/CMSIS/Device/ST/STM32L4xx/Source/Templates/system_stm32l4xx.o
 .debug_macro   0x00001298      0xe66 Drivers/CMSIS/Device/ST/STM32L4xx/Source/Templates/system_stm32l4xx.o
 .debug_macro   0x000020fe     0xb700 Drivers/CMSIS/Device/ST/STM32L4xx/Source/Templates/system_stm32l4xx.o
 .debug_macro   0x0000d7fe       0x43 Drivers/CMSIS/Device/ST/STM32L4xx/Source/Templates/system_stm32l4xx.o
 .debug_macro   0x0000d841       0x58 Drivers/CMSIS/Device/ST/STM32L4xx/Source/Templates/system_stm32l4xx.o
 .debug_macro   0x0000d899       0xa6 Drivers/CMSIS/Device/ST/STM32L4xx/Source/Templates/system_stm32l4xx.o
 .debug_macro   0x0000d93f     0x33c2 Drivers/CMSIS/Device/ST/STM32L4xx/Source/Templates/system_stm32l4xx.o
 .debug_macro   0x00010d01       0x5e Drivers/CMSIS/Device/ST/STM32L4xx/Source/Templates/system_stm32l4xx.o
 .debug_macro   0x00010d5f       0x18 Drivers/CMSIS/Device/ST/STM32L4xx/Source/Templates/system_stm32l4xx.o
 .debug_macro   0x00010d77       0x35 Drivers/CMSIS/Device/ST/STM32L4xx/Source/Templates/system_stm32l4xx.o
 .debug_macro   0x00010dac       0x34 Drivers/CMSIS/Device/ST/STM32L4xx/Source/Templates/system_stm32l4xx.o
 .debug_macro   0x00010de0       0x16 Drivers/CMSIS/Device/ST/STM32L4xx/Source/Templates/system_stm32l4xx.o
 .debug_macro   0x00010df6       0x97 Drivers/CMSIS/Device/ST/STM32L4xx/Source/Templates/system_stm32l4xx.o
 .debug_macro   0x00010e8d      0x330 Drivers/CMSIS/Device/ST/STM32L4xx/Source/Templates/system_stm32l4xx.o
 .debug_macro   0x000111bd       0xfd Drivers/CMSIS/Device/ST/STM32L4xx/Source/Templates/system_stm32l4xx.o
 .debug_macro   0x000112ba       0x10 Drivers/CMSIS/Device/ST/STM32L4xx/Source/Templates/system_stm32l4xx.o
 .debug_macro   0x000112ca       0x58 Drivers/CMSIS/Device/ST/STM32L4xx/Source/Templates/system_stm32l4xx.o
 .debug_macro   0x00011322       0x1f Drivers/CMSIS/Device/ST/STM32L4xx/Source/Templates/system_stm32l4xx.o
 .debug_macro   0x00011341       0x43 Drivers/CMSIS/Device/ST/STM32L4xx/Source/Templates/system_stm32l4xx.o
 .debug_macro   0x00011384       0x20 Drivers/CMSIS/Device/ST/STM32L4xx/Source/Templates/system_stm32l4xx.o
 .debug_macro   0x000113a4      0x18e Drivers/CMSIS/Device/ST/STM32L4xx/Source/Templates/system_stm32l4xx.o
 .debug_macro   0x00011532       0x10 Drivers/CMSIS/Device/ST/STM32L4xx/Source/Templates/system_stm32l4xx.o
 .debug_macro   0x00011542       0x1c Drivers/CMSIS/Device/ST/STM32L4xx/Source/Templates/system_stm32l4xx.o
 .debug_macro   0x0001155e       0x52 Drivers/CMSIS/Device/ST/STM32L4xx/Source/Templates/system_stm32l4xx.o
 .debug_macro   0x000115b0       0x40 Drivers/CMSIS/Device/ST/STM32L4xx/Source/Templates/system_stm32l4xx.o
 .debug_macro   0x000115f0       0x10 Drivers/CMSIS/Device/ST/STM32L4xx/Source/Templates/system_stm32l4xx.o
 .debug_macro   0x00011600       0x40 Drivers/CMSIS/Device/ST/STM32L4xx/Source/Templates/system_stm32l4xx.o
 .debug_macro   0x00011640       0xd7 Drivers/CMSIS/Device/ST/STM32L4xx/Source/Templates/system_stm32l4xx.o
 .debug_macro   0x00011717       0x1c Drivers/CMSIS/Device/ST/STM32L4xx/Source/Templates/system_stm32l4xx.o
 .debug_macro   0x00011733       0x3d Drivers/CMSIS/Device/ST/STM32L4xx/Source/Templates/system_stm32l4xx.o
 .debug_macro   0x00011770       0x16 Drivers/CMSIS/Device/ST/STM32L4xx/Source/Templates/system_stm32l4xx.o
 .debug_macro   0x00011786      0x16f Drivers/CMSIS/Device/ST/STM32L4xx/Source/Templates/system_stm32l4xx.o
 .debug_macro   0x000118f5       0x50 Drivers/CMSIS/Device/ST/STM32L4xx/Source/Templates/system_stm32l4xx.o
 .debug_macro   0x00011945     0x155f Drivers/CMSIS/Device/ST/STM32L4xx/Source/Templates/system_stm32l4xx.o
 .debug_macro   0x00012ea4      0x582 Drivers/CMSIS/Device/ST/STM32L4xx/Source/Templates/system_stm32l4xx.o
 .debug_macro   0x00013426      0x148 Drivers/CMSIS/Device/ST/STM32L4xx/Source/Templates/system_stm32l4xx.o
 .debug_macro   0x0001356e      0x171 Drivers/CMSIS/Device/ST/STM32L4xx/Source/Templates/system_stm32l4xx.o
 .debug_macro   0x000136df      0x248 Drivers/CMSIS/Device/ST/STM32L4xx/Source/Templates/system_stm32l4xx.o
 .debug_macro   0x00013927      0x23a Drivers/CMSIS/Device/ST/STM32L4xx/Source/Templates/system_stm32l4xx.o
 .debug_macro   0x00013b61      0x367 Drivers/CMSIS/Device/ST/STM32L4xx/Source/Templates/system_stm32l4xx.o
 .debug_macro   0x00013ec8       0x10 Drivers/CMSIS/Device/ST/STM32L4xx/Source/Templates/system_stm32l4xx.o
 .debug_macro   0x00013ed8       0xe4 Drivers/CMSIS/Device/ST/STM32L4xx/Source/Templates/system_stm32l4xx.o
 .debug_macro   0x00013fbc      0x1fb Drivers/CMSIS/Device/ST/STM32L4xx/Source/Templates/system_stm32l4xx.o
 .debug_macro   0x000141b7       0x53 Drivers/CMSIS/Device/ST/STM32L4xx/Source/Templates/system_stm32l4xx.o
 .debug_macro   0x0001420a       0x9e Drivers/CMSIS/Device/ST/STM32L4xx/Source/Templates/system_stm32l4xx.o
 .debug_macro   0x000142a8      0x126 Drivers/CMSIS/Device/ST/STM32L4xx/Source/Templates/system_stm32l4xx.o
 .debug_macro   0x000143ce      0x3dc Drivers/CMSIS/Device/ST/STM32L4xx/Source/Templates/system_stm32l4xx.o
 .debug_macro   0x000147aa      0x9c6 Drivers/CMSIS/Device/ST/STM32L4xx/Source/Templates/system_stm32l4xx.o
 .debug_macro   0x00015170      0x1df Drivers/CMSIS/Device/ST/STM32L4xx/Source/Templates/system_stm32l4xx.o
 .debug_macro   0x0001534f      0x31a Drivers/CMSIS/Device/ST/STM32L4xx/Source/Templates/system_stm32l4xx.o
 .debug_macro   0x00015669      0x365 Drivers/STM32L4xx_HAL_Driver/Src/stm32l4xx_hal.o
 .debug_macro   0x000159ce      0x317 Drivers/STM32L4xx_HAL_Driver/Src/stm32l4xx_hal_cortex.o
 .debug_macro   0x00015ce5      0x356 Drivers/STM32L4xx_HAL_Driver/Src/stm32l4xx_hal_gpio.o
 .debug_macro   0x0001603b      0x33b Drivers/STM32L4xx_HAL_Driver/Src/stm32l4xx_hal_pwr_ex.o
 .debug_macro   0x00016376      0x35f Drivers/STM32L4xx_HAL_Driver/Src/stm32l4xx_hal_rcc.o
 .debug_macro   0x000166d5      0x318 Drivers/STM32L4xx_HAL_Driver/Src/stm32l4xx_hal_tim.o
 .debug_macro   0x000169ed      0x329 Drivers/STM32L4xx_HAL_Driver/Src/stm32l4xx_hal_tim_ex.o
 .debug_macro   0x00016d16      0x1ff Middlewares/Third_Party/FreeRTOS/Source/CMSIS_RTOS/cmsis_os.o
 .debug_macro   0x00016f15       0x58 Middlewares/Third_Party/FreeRTOS/Source/CMSIS_RTOS/cmsis_os.o
 .debug_macro   0x00016f6d       0x94 Middlewares/Third_Party/FreeRTOS/Source/CMSIS_RTOS/cmsis_os.o
 .debug_macro   0x00017001      0x174 Middlewares/Third_Party/FreeRTOS/Source/CMSIS_RTOS/cmsis_os.o
 .debug_macro   0x00017175       0x57 Middlewares/Third_Party/FreeRTOS/Source/CMSIS_RTOS/cmsis_os.o
 .debug_macro   0x000171cc       0x10 Middlewares/Third_Party/FreeRTOS/Source/CMSIS_RTOS/cmsis_os.o
 .debug_macro   0x000171dc       0x35 Middlewares/Third_Party/FreeRTOS/Source/CMSIS_RTOS/cmsis_os.o
 .debug_macro   0x00017211       0x16 Middlewares/Third_Party/FreeRTOS/Source/CMSIS_RTOS/cmsis_os.o
 .debug_macro   0x00017227       0x26 Middlewares/Third_Party/FreeRTOS/Source/CMSIS_RTOS/cmsis_os.o
 .debug_macro   0x0001724d       0xc6 Middlewares/Third_Party/FreeRTOS/Source/CMSIS_RTOS/cmsis_os.o
 .debug_macro   0x00017313      0x15d Middlewares/Third_Party/FreeRTOS/Source/CMSIS_RTOS/cmsis_os.o
 .debug_macro   0x00017470       0xe4 Middlewares/Third_Party/FreeRTOS/Source/CMSIS_RTOS/cmsis_os.o
 .debug_macro   0x00017554       0x10 Middlewares/Third_Party/FreeRTOS/Source/CMSIS_RTOS/cmsis_os.o
 .debug_macro   0x00017564       0x1f Middlewares/Third_Party/FreeRTOS/Source/CMSIS_RTOS/cmsis_os.o
 .debug_macro   0x00017583      0x3f4 Middlewares/Third_Party/FreeRTOS/Source/CMSIS_RTOS/cmsis_os.o
 .debug_macro   0x00017977       0xc0 Middlewares/Third_Party/FreeRTOS/Source/CMSIS_RTOS/cmsis_os.o
 .debug_macro   0x00017a37       0x9a Middlewares/Third_Party/FreeRTOS/Source/CMSIS_RTOS/cmsis_os.o
 .debug_macro   0x00017ad1       0x91 Middlewares/Third_Party/FreeRTOS/Source/CMSIS_RTOS/cmsis_os.o
 .debug_macro   0x00017b62       0xb0 Middlewares/Third_Party/FreeRTOS/Source/CMSIS_RTOS/cmsis_os.o
 .debug_macro   0x00017c12       0x7f Middlewares/Third_Party/FreeRTOS/Source/CMSIS_RTOS/cmsis_os.o
 .debug_macro   0x00017c91       0xcf Middlewares/Third_Party/FreeRTOS/Source/CMSIS_RTOS/cmsis_os.o
 .debug_macro   0x00017d60      0x18a Middlewares/Third_Party/FreeRTOS/Source/list.o
 .debug_macro   0x00017eea      0x24c Middlewares/Third_Party/FreeRTOS/Source/tasks.o
 .debug_macro   0x00018136       0x11 Middlewares/Third_Party/FreeRTOS/Source/tasks.o
 .debug_macro   0x00018147      0x1a6 Middlewares/Third_Party/FreeRTOS/Source/portable/GCC/ARM_CM4F/port.o
 .debug_macro   0x000182ed      0x1b1 Middlewares/Third_Party/FreeRTOS/Source/portable/MemMang/heap_4.o
 .debug_macro   0x0001849e      0x3e9 Src/main.o
 .debug_macro   0x00018887       0xc6 Src/main.o
 .debug_macro   0x0001894d      0x317 Src/stm32l4xx_hal_msp.o
 .debug_macro   0x00018c64      0x317 Src/stm32l4xx_hal_timebase_TIM.o
 .debug_macro   0x00018f7b      0x3f3 Src/stm32l4xx_it.o

.comment        0x00000000       0x7f
 .comment       0x00000000       0x7f Drivers/CMSIS/Device/ST/STM32L4xx/Source/Templates/system_stm32l4xx.o
                                 0x80 (size before relaxing)
 .comment       0x0000007f       0x80 Drivers/STM32L4xx_HAL_Driver/Src/stm32l4xx_hal.o
 .comment       0x0000007f       0x80 Drivers/STM32L4xx_HAL_Driver/Src/stm32l4xx_hal_cortex.o
 .comment       0x0000007f       0x80 Drivers/STM32L4xx_HAL_Driver/Src/stm32l4xx_hal_gpio.o
 .comment       0x0000007f       0x80 Drivers/STM32L4xx_HAL_Driver/Src/stm32l4xx_hal_pwr_ex.o
 .comment       0x0000007f       0x80 Drivers/STM32L4xx_HAL_Driver/Src/stm32l4xx_hal_rcc.o
 .comment       0x0000007f       0x80 Drivers/STM32L4xx_HAL_Driver/Src/stm32l4xx_hal_tim.o
 .comment       0x0000007f       0x80 Drivers/STM32L4xx_HAL_Driver/Src/stm32l4xx_hal_tim_ex.o
 .comment       0x0000007f       0x80 Middlewares/Third_Party/FreeRTOS/Source/CMSIS_RTOS/cmsis_os.o
 .comment       0x0000007f       0x80 Middlewares/Third_Party/FreeRTOS/Source/list.o
 .comment       0x0000007f       0x80 Middlewares/Third_Party/FreeRTOS/Source/tasks.o
 .comment       0x0000007f       0x80 Middlewares/Third_Party/FreeRTOS/Source/portable/GCC/ARM_CM4F/port.o
 .comment       0x0000007f       0x80 Middlewares/Third_Party/FreeRTOS/Source/portable/MemMang/heap_4.o
 .comment       0x0000007f       0x80 Src/main.o
 .comment       0x0000007f       0x80 Src/stm32l4xx_hal_msp.o
 .comment       0x0000007f       0x80 Src/stm32l4xx_hal_timebase_TIM.o
 .comment       0x0000007f       0x80 Src/stm32l4xx_it.o

.debug_frame    0x00000000     0x2178
 .debug_frame   0x00000000       0x3c Drivers/CMSIS/Device/ST/STM32L4xx/Source/Templates/system_stm32l4xx.o
 .debug_frame   0x0000003c      0x210 Drivers/STM32L4xx_HAL_Driver/Src/stm32l4xx_hal.o
 .debug_frame   0x0000024c      0x138 Drivers/STM32L4xx_HAL_Driver/Src/stm32l4xx_hal_cortex.o
 .debug_frame   0x00000384       0xdc Drivers/STM32L4xx_HAL_Driver/Src/stm32l4xx_hal_gpio.o
 .debug_frame   0x00000460      0x278 Drivers/STM32L4xx_HAL_Driver/Src/stm32l4xx_hal_pwr_ex.o
 .debug_frame   0x000006d8      0x14c Drivers/STM32L4xx_HAL_Driver/Src/stm32l4xx_hal_rcc.o
 .debug_frame   0x00000824      0x8ac Drivers/STM32L4xx_HAL_Driver/Src/stm32l4xx_hal_tim.o
 .debug_frame   0x000010d0      0x378 Drivers/STM32L4xx_HAL_Driver/Src/stm32l4xx_hal_tim_ex.o
 .debug_frame   0x00001448      0x488 Middlewares/Third_Party/FreeRTOS/Source/CMSIS_RTOS/cmsis_os.o
 .debug_frame   0x000018d0       0x6c Middlewares/Third_Party/FreeRTOS/Source/list.o
 .debug_frame   0x0000193c      0x540 Middlewares/Third_Party/FreeRTOS/Source/tasks.o
 .debug_frame   0x00001e7c       0xf0 Middlewares/Third_Party/FreeRTOS/Source/portable/GCC/ARM_CM4F/port.o
 .debug_frame   0x00001f6c       0xa4 Middlewares/Third_Party/FreeRTOS/Source/portable/MemMang/heap_4.o
 .debug_frame   0x00002010       0x60 Src/main.o
 .debug_frame   0x00002070       0x2c Src/stm32l4xx_hal_msp.o
 .debug_frame   0x0000209c       0x60 Src/stm32l4xx_hal_timebase_TIM.o
 .debug_frame   0x000020fc       0x30 Src/stm32l4xx_it.o
 .debug_frame   0x0000212c       0x2c c:/program files/ac6/plugins/fr.ac6.mcu.externaltools.arm-none.win32_1.17.0.201812190825/tools/make/../lib/gcc/arm-none-eabi/7.3.1/../../../../arm-none-eabi/lib/thumb/v7e-m/fpv4-sp/hard\libc_nano.a(lib_a-init.o)
 .debug_frame   0x00002158       0x20 c:/program files/ac6/plugins/fr.ac6.mcu.externaltools.arm-none.win32_1.17.0.201812190825/tools/make/../lib/gcc/arm-none-eabi/7.3.1/../../../../arm-none-eabi/lib/thumb/v7e-m/fpv4-sp/hard\libc_nano.a(lib_a-memset.o)
